// Jest Snapshot v1, https://goo.gl/fbAQLP

exports[`<Error401 /> match snapshot 1`] = `
<DocumentFragment>
  <div>
    401 Unauthorized
  </div>
</DocumentFragment>
`;
