// Jest Snapshot v1, https://goo.gl/fbAQLP

exports[`<Error404 /> match snapshot 1`] = `
<DocumentFragment>
  <div>
    404 Not Found
  </div>
</DocumentFragment>
`;
