// Jest Snapshot v1, https://goo.gl/fbAQLP

exports[`<Error502 /> match snapshot 1`] = `
<DocumentFragment>
  <div>
    502 Bed Gateway
  </div>
</DocumentFragment>
`;
