// Jest Snapshot v1, https://goo.gl/fbAQLP

exports[`<Error503 /> match snapshot 1`] = `
<DocumentFragment>
  <div>
    503 Service Unavailable
  </div>
</DocumentFragment>
`;
