// Jest Snapshot v1, https://goo.gl/fbAQLP

exports[`<Error401 /> match snapshot 1`] = `
<DocumentFragment>
  <div>
    <p>
      401 Unauthorized
    </p>
    <button
      data-testid="button"
      to="/auth"
    >
      Back to Login
    </button>
  </div>
</DocumentFragment>
`;
