// Jest Snapshot v1, https://goo.gl/fbAQLP

exports[`<Error504 /> match snapshot 1`] = `
<DocumentFragment>
  <div>
    <p>
      504 Gateway Timeout
    </p>
    <button
      data-testid="button"
      to="/"
    >
      Back to Home Page
    </button>
  </div>
</DocumentFragment>
`;
