// Jest Snapshot v1, https://goo.gl/fbAQLP

exports[`<BackofficeContainer /> match snapshot 1`] = `
<DocumentFragment>
  <p>
    BackofficeContainer
  </p>
  <a
    href="/home"
  >
    Home
  </a>
  <a
    href="/todo"
  >
    Todo
  </a>
  <a
    href="/about"
  >
    About
  </a>
  <a
    href="/about2"
  >
    About2
  </a>
  <a
    href="/auth"
  >
    Logout
  </a>
</DocumentFragment>
`;
