// Jest Snapshot v1, https://goo.gl/fbAQLP

exports[`<ButtonSubmitResult /> clickable before click button 1`] = `
<DocumentFragment>
  <button
    data-testid="button"
    disabled=""
  >
    <svg
      data-testid="icon-check"
    />
  </button>
</DocumentFragment>
`;
