// Jest Snapshot v1, https://goo.gl/fbAQLP

exports[`<ChangePassword /> match snapshot 1`] = `
<DocumentFragment>
  ChangePassword
</DocumentFragment>
`;
