// Jest Snapshot v1, https://goo.gl/fbAQLP

exports[`<ForgotPassword /> match snapshot 1`] = `
<DocumentFragment>
  <p>
    ForgotPassword
  </p>
  <a
    href="/login"
  >
    Login
  </a>
</DocumentFragment>
`;
