// Jest Snapshot v1, https://goo.gl/fbAQLP

exports[`<ButtonLeaveGame /> clickable 1`] = `
<DocumentFragment>
  <button
    data-testid="button"
  >
    Leave Game
  </button>
</DocumentFragment>
`;
