// Jest Snapshot v1, https://goo.gl/fbAQLP

exports[`<ButtonCloseGame /> clickable 1`] = `
<DocumentFragment>
  <button
    data-testid="button"
  >
    Close Game
  </button>
</DocumentFragment>
`;
