// Jest Snapshot v1, https://goo.gl/fbAQLP

exports[`<ButtonNextHinter /> clickable 1`] = `
<DocumentFragment>
  <button
    data-testid="button"
    disabled=""
  >
    <svg
      data-testid="icon-angle-double-right"
    />
  </button>
</DocumentFragment>
`;
