// Jest Snapshot v1, https://goo.gl/fbAQLP

exports[`<ButtonRandomHint /> clickable 1`] = `
<DocumentFragment>
  <button
    data-testid="button"
  >
    Random Hint
  </button>
</DocumentFragment>
`;
