// Jest Snapshot v1, https://goo.gl/fbAQLP

exports[`<NextHinter /> match snapshot 1`] = `
<DocumentFragment>
  <button
    data-testid="button"
    disabled=""
  >
    Next Hinter
  </button>
</DocumentFragment>
`;
