// Jest Snapshot v1, https://goo.gl/fbAQLP

exports[`<NextRound /> match snapshot 1`] = `
<DocumentFragment>
  <div
    data-testid="button"
    disabled=""
  >
    Next Round
  </div>
</DocumentFragment>
`;
