// Jest Snapshot v1, https://goo.gl/fbAQLP

exports[`<PlayerColor /> match snapshot 1`] = `
<DocumentFragment>
  .c0 {
  display: -webkit-box;
  display: -webkit-flex;
  display: -ms-flexbox;
  display: flex;
  -webkit-flex-direction: row;
  -ms-flex-direction: row;
  flex-direction: row;
}

.c1 {
  margin: 0.25rem;
  width: 1.75rem;
  height: 1.75rem;
  --tw-text-opacity: 1;
  color: rgb(255 255 255 / var(--tw-text-opacity));
  font-weight: 700;
  text-align: center;
  -webkit-user-select: none;
  -moz-user-select: none;
  -ms-user-select: none;
  user-select: none;
  position: relative;
}

.c2 {
  cursor: pointer;
  display: -webkit-box;
  display: -webkit-flex;
  display: -ms-flexbox;
  display: flex;
  -webkit-box-pack: center;
  -webkit-justify-content: center;
  -ms-flex-pack: center;
  justify-content: center;
  -webkit-align-items: center;
  -webkit-box-align: center;
  -ms-flex-align: center;
  align-items: center;
  font-size: 0.75rem;
  line-height: 1rem;
}

.c3 {
  width: 0.75rem;
  height: 0.75rem;
  border-radius: 9999px;
  border-width: 1px;
  --tw-shadow: 0 25px 50px -12px rgb(0 0 0 / 0.25);
  --tw-shadow-colored: 0 25px 50px -12px var(--tw-shadow-color);
  box-shadow: var(--tw-ring-offset-shadow,0 0 #0000),var(--tw-ring-shadow,0 0 #0000),var(--tw-shadow);
  display: -webkit-box;
  display: -webkit-flex;
  display: -ms-flexbox;
  display: flex;
  -webkit-align-items: center;
  -webkit-box-align: center;
  -ms-flex-align: center;
  align-items: center;
  -webkit-box-pack: center;
  -webkit-justify-content: center;
  -ms-flex-pack: center;
  justify-content: center;
}

.c4 {
  width: 1.5rem;
  height: 1.5rem;
}

<div
    class="mb-2 p-3 shadow-around"
  >
    <div
      class="mb-1 text-white font-bold select-none"
    >
      Player Colors
    </div>
    <div
      class="c0"
    >
      <div
        class="flex flex-col items-center text-white font-bold border border-slate-500 bg-slate-600"
      >
        <div
          class="c1 c2 bg-transparent"
        >
          <div
            class="c3 c4 bg-[#0758a5]"
          >
            U
          </div>
        </div>
        Player 1
      </div>
      <div
        class="flex flex-col items-center text-white font-bold border "
      >
        <div
          class="c1 c2 bg-slate-400"
        >
          <div
            class="c3 c4 bg-[#117822]"
          >
            U
          </div>
        </div>
        Player 1
      </div>
    </div>
  </div>
</DocumentFragment>
`;
