// Jest Snapshot v1, https://goo.gl/fbAQLP

exports[`<RemoveRoom /> match snapshot 1`] = `
<DocumentFragment>
  <div
    data-testid="button"
  >
    Remove Room
  </div>
</DocumentFragment>
`;
