// Jest Snapshot v1, https://goo.gl/fbAQLP

exports[`<ResetRoom /> match snapshot 1`] = `
<DocumentFragment>
  <div
    data-testid="button"
  >
    Reset Room
  </div>
</DocumentFragment>
`;
