// Jest Snapshot v1, https://goo.gl/fbAQLP

exports[`<SubmitResult /> match snapshot 1`] = `
<DocumentFragment>
  <button
    data-testid="button"
  >
    Submit Result
  </button>
</DocumentFragment>
`;
