// Jest Snapshot v1, https://goo.gl/fbAQLP

exports[`<Example /> match snapshot 1`] = `
<DocumentFragment>
  <div
    class="App"
  >
    <header
      class="App-header"
    >
      <img
        alt="logo"
        class="App-logo"
        src="logo.svg"
      />
      <p
        class="bg-red-700"
      >
        Edit 
        <code>
          src/container/Example.tsx
        </code>
         and save to reload.
      </p>
      <a
        class="App-link"
        href="https://reactjs.org"
        rel="noopener noreferrer"
        target="_blank"
      >
        learn react
      </a>
      <a
        href="/about"
      >
        About
      </a>
      <code
        style="background: green;"
      >
        {"name":"","age":0}
      </code>
      <code
        style="background: blue;"
      >
        {"id":2,"name":"doe"}
      </code>
    </header>
  </div>
</DocumentFragment>
`;
