// Jest Snapshot v1, https://goo.gl/fbAQLP

exports[`<Home /> match snapshot 1`] = `
<DocumentFragment>
  <div
    class="App"
  >
    <header
      class="App-header"
    >
      <img
        alt="logo"
        class="App-logo"
        src="logo.svg"
      />
      <p
        class="bg-red-700"
      >
        common:edit 
        <code>
          src/App.tsx
        </code>
         and save to reload.
      </p>
      <a
        class="App-link"
        href="https://reactjs.org"
        rel="noopener noreferrer"
        target="_blank"
      >
        Learn React
      </a>
      <button
        class="flex justify-center items-center h-9 px-2 py-4 rounded-2xl font-sans font-bold text-xs text-white leading-6 min-w-[156px] cursor-pointer bg-blue-500"
      >
        Toggle Lang TH
      </button>
      <button
        class="flex justify-center items-center h-9 px-2 py-4 rounded-2xl font-sans font-bold text-xs text-white leading-6 min-w-[156px] cursor-pointer bg-blue-500"
      >
        Toggle Lang EN
      </button>
      <form>
        <div>
          <label>
            Name
          </label>
          <input
            name="name"
            value=""
          />
        </div>
        <div>
          <label>
            Age
          </label>
          <input
            name="age"
            value=""
          />
        </div>
        <div
          style="color: red;"
        />
        <button
          class="flex justify-center items-center h-9 px-2 py-4 rounded-2xl font-sans font-bold text-xs text-white leading-6 min-w-[156px] cursor-pointer bg-blue-500"
        >
          <span>
            Submit
          </span>
        </button>
      </form>
    </header>
  </div>
</DocumentFragment>
`;
