// Jest Snapshot v1, https://goo.gl/fbAQLP

exports[`<ErrorContainer /> match snapshot 1`] = `
<DocumentFragment>
  <p>
    ErrorContainer
  </p>
</DocumentFragment>
`;
