// Jest Snapshot v1, https://goo.gl/fbAQLP

exports[`<Todo /> match snapshot 1`] = `
<DocumentFragment>
  <p>
    Todo
  </p>
</DocumentFragment>
`;
